// Jest Snapshot v1, https://goo.gl/fbAQLP

exports[`generating messages leaves space between <td>s to allow GitHub to render message content as markdown 1`] = `
"
<!--
  1 failure:  **Failure:** Some...
  1 warning:  _Maybe you meant ...
  1 messages
  1 markdown notices
  DangerID: danger-id-example-id;
-->

<table>
  <thead>
    <tr>
      <th width=\\"50\\"></th>
      <th width=\\"100%\\" data-danger-table=\\"true\\">Fails</th>
    </tr>
  </thead>
  <tbody><tr>
      <td>:no_entry_sign:</td>
      <td>

  **Failure:** Something failed!
  </td>
    </tr>
  </tbody>
</table>


<table>
  <thead>
    <tr>
      <th width=\\"50\\"></th>
      <th width=\\"100%\\" data-danger-table=\\"true\\">Warnings</th>
    </tr>
  </thead>
  <tbody><tr>
      <td>:warning:</td>
      <td>

  _Maybe you meant to run \`yarn install\`?_
  </td>
    </tr>
  </tbody>
</table>


<table>
  <thead>
    <tr>
      <th width=\\"50\\"></th>
      <th width=\\"100%\\" data-danger-table=\\"true\\">Messages</th>
    </tr>
  </thead>
  <tbody><tr>
      <td>:book:</td>
      <td>

  \`\`\`ts
function add(a: number, b: number): number {
  return a + b
}
\`\`\`
  </td>
    </tr>
  </tbody>
</table>

List of things:

* one
* two
* three

<p align=\\"right\\">
  Generated by :no_entry_sign: <a href=\\"http://github.com/danger/danger-js/\\">dangerJS</a>
</p>
"
`;
